// Jest Snapshot v1, https://goo.gl/fbAQLP

exports[`Launches renders the component 1`] = `
<div>
  <main>
    <h1
      class="header"
    >
      Launches
    </h1>
    <div
      class="container"
    >
      <div
        data-testid="card-5eb87cd9ffd86e000604b32a"
      >
        <div
          class="container"
          tabindex="0"
        >
          <div
            class="header"
          >
            <div
              class="container"
            >
              <img
                alt="FalconSat"
                class="image"
                data-nimg="1"
                decoding="async"
                height="48"
                loading="lazy"
                src="/_next/image?url=https%3A%2F%2Fimages2.imgbox.com%2F94%2Ff2%2FNN6Ph45r_o.png&w=96&q=75"
                srcset="/_next/image?url=https%3A%2F%2Fimages2.imgbox.com%2F94%2Ff2%2FNN6Ph45r_o.png&w=48&q=75 1x, /_next/image?url=https%3A%2F%2Fimages2.imgbox.com%2F94%2Ff2%2FNN6Ph45r_o.png&w=96&q=75 2x"
                style="color: transparent;"
                width="48"
              />
              <div
                class="body"
              >
                <div
                  class="title"
                >
                  FalconSat
                </div>
                <span
                  class="date"
                >
                  Fri Mar 24 2006
                </span>
              </div>
            </div>
          </div>
          <div
            class="body"
          >
            <ul
              class="list"
            >
              <li>
                <div
                  class="status"
                >
                  <svg
                    class="icon-error"
                    fill="currentColor"
                    height="1em"
                    stroke="currentColor"
                    stroke-width="0"
                    version="1.1"
                    viewBox="0 0 16 16"
                    width="1em"
                    xmlns="http://www.w3.org/2000/svg"
                  >
                    <path
                      d="M15.854 12.854c-0-0-0-0-0-0l-4.854-4.854 4.854-4.854c0-0 0-0 0-0 0.052-0.052 0.090-0.113 0.114-0.178 0.066-0.178 0.028-0.386-0.114-0.529l-2.293-2.293c-0.143-0.143-0.351-0.181-0.529-0.114-0.065 0.024-0.126 0.062-0.178 0.114 0 0-0 0-0 0l-4.854 4.854-4.854-4.854c-0-0-0-0-0-0-0.052-0.052-0.113-0.090-0.178-0.114-0.178-0.066-0.386-0.029-0.529 0.114l-2.293 2.293c-0.143 0.143-0.181 0.351-0.114 0.529 0.024 0.065 0.062 0.126 0.114 0.178 0 0 0 0 0 0l4.854 4.854-4.854 4.854c-0 0-0 0-0 0-0.052 0.052-0.090 0.113-0.114 0.178-0.066 0.178-0.029 0.386 0.114 0.529l2.293 2.293c0.143 0.143 0.351 0.181 0.529 0.114 0.065-0.024 0.126-0.062 0.178-0.114 0-0 0-0 0-0l4.854-4.854 4.854 4.854c0 0 0 0 0 0 0.052 0.052 0.113 0.090 0.178 0.114 0.178 0.066 0.386 0.029 0.529-0.114l2.293-2.293c0.143-0.143 0.181-0.351 0.114-0.529-0.024-0.065-0.062-0.126-0.114-0.178z"
                    />
                  </svg>
                  <div>
                    Failure: 
                    merlin engine failure
                  </div>
                </div>
              </li>
              <li>
                Serial: 
                5e9e289df35918033d3b2623
              </li>
              <li>
                Payload Id: 
                5eb0e4b5b6c3bb0006eeb1e1
              </li>
              <li>
                Payload Type: 
                Satellite
              </li>
            </ul>
          </div>
        </div>
      </div>
    </div>
    <div
      class="overlay"
      style="display: none;"
    />
  </main>
</div>
`;
