// Jest Snapshot v1, https://goo.gl/fbAQLP

exports[`CardHeader renders the component 1`] = `
<div>
  <div
    class="container"
  >
    children
  </div>
</div>
`;
